2026-09-01 23:11:03.702 [main] INFO  Freerouting v1.9.0 (build-date: 2023-10-30)
2026-09-01 23:11:03.765 [main] INFO  Settings were loaded from freerouting.json
2026-09-01 23:11:04.801 [main] INFO  Opening 'esp32_fem_pico.dsn'...
2026-09-01 23:11:27.763 [Thread-28] INFO  Starting auto-routing...
2026-09-01 23:12:56.535 [Thread-28] INFO  Auto-routing was completed in 1 minute(s) 28.77 seconds.
2026-09-01 23:12:56.637 [Thread-28] INFO  Starting route optimization on 1 thread...
2026-09-01 23:13:02.605 [Thread-28] INFO  Route optimization was completed in 5.96 seconds.
2026-09-01 23:13:02.627 [Thread-28] INFO  Saving 'esp32_fem_pico.ses'...
2026-09-01 23:14:58.910 [main] INFO  Freerouting v1.9.0 (build-date: 2023-10-30)
2026-09-01 23:14:58.980 [main] INFO  Settings were loaded from freerouting.json
2026-09-01 23:15:00.007 [main] INFO  Opening 'esp32_fem_pico.dsn'...
2026-09-01 23:15:22.052 [Thread-28] INFO  Starting auto-routing...
2026-09-01 23:15:38.869 [Thread-28] WARN  There were only 11.75 changes in the last 20 passes, so it's very likely that autorouter can't improve the result much further. It is recommended to stop it and finish the board manually.
2026-09-01 23:15:39.436 [Thread-28] INFO  Auto-routing was completed in 17.38 seconds.
2026-09-01 23:15:39.538 [Thread-28] INFO  Starting route optimization on 1 thread...
2026-09-01 23:15:46.653 [Thread-28] INFO  Route optimization was completed in 7.11 seconds.
2026-09-01 23:15:46.671 [Thread-28] INFO  Saving 'esp32_fem_pico.ses'...
2026-09-01 23:17:46.875 [main] INFO  Freerouting v1.9.0 (build-date: 2023-10-30)
2026-09-01 23:17:46.949 [main] INFO  Settings were loaded from freerouting.json
2026-09-01 23:17:47.980 [main] INFO  Opening 'esp32_fem_pico.dsn'...
2026-09-01 23:18:09.863 [Thread-28] INFO  Starting auto-routing...
2026-09-01 23:18:21.013 [Thread-28] WARN  There were only 16.20 changes in the last 20 passes, so it's very likely that autorouter can't improve the result much further. It is recommended to stop it and finish the board manually.
2026-09-01 23:18:23.626 [Thread-28] WARN  There were only 11.10 changes in the last 40 passes, so it's very likely that autorouter can't improve the result much further. It is recommended to stop it and finish the board manually.
2026-09-01 23:18:26.234 [Thread-28] WARN  There were only 10.43 changes in the last 60 passes, so it's very likely that autorouter can't improve the result much further. It is recommended to stop it and finish the board manually.
2026-09-01 23:18:28.829 [Thread-28] WARN  There were only 10.19 changes in the last 80 passes, so it's very likely that autorouter can't improve the result much further. It is recommended to stop it and finish the board manually.
2026-09-01 23:18:30.828 [Thread-28] INFO  Auto-routing was completed in 20.96 seconds.
2026-09-01 23:18:30.930 [Thread-28] INFO  Starting route optimization on 1 thread...
2026-09-01 23:18:37.411 [Thread-28] INFO  Route optimization was completed in 6.48 seconds.
2026-09-01 23:18:37.439 [Thread-28] INFO  Saving 'esp32_fem_pico.ses'...
2026-09-01 23:20:53.391 [main] INFO  Freerouting v1.9.0 (build-date: 2023-10-30)
2026-09-01 23:20:53.454 [main] INFO  Settings were loaded from freerouting.json
2026-09-01 23:20:54.480 [main] INFO  Opening 'esp32_fem_pico.dsn'...
